// Jest Snapshot v1, https://goo.gl/fbAQLP

exports[`Render component MyList correctly Should MyList connected to store render correctly 1`] = `
<div
  className="user-page"
>
  <header
    className="page-header  user-page__head"
  >
    <div
      className="logo"
    >
      <a
        className="logo__link"
        href="/"
        onClick={[Function]}
      >
        <span
          className="logo__letter logo__letter--1"
        >
          W
        </span>
        <span
          className="logo__letter logo__letter--2"
        >
          T
        </span>
        <span
          className="logo__letter logo__letter--3"
        >
          W
        </span>
      </a>
    </div>
    <h1
      className="page-title user-page__title"
    >
      My list
    </h1>
    <div
      className="user-block"
    >
      <a
        className="user-block__link"
        href="/login"
        onClick={[Function]}
      >
        Sign in
      </a>
    </div>
  </header>
  <section
    className="catalog"
  >
    <h2
      className="catalog__title visually-hidden"
    >
      Catalog
    </h2>
    <div
      className="catalog__movies-list"
    >
      <article
        className="small-movie-card catalog__movies-card"
        onClick={[Function]}
        onMouseEnter={[Function]}
        onMouseLeave={[Function]}
      >
        <div
          className="small-movie-card__image"
        >
          <img
            alt="Pulp Fiction"
            height="175"
            src="https://assets.htmlacademy.ru/intensives/javascript-3/film/poster/Pulp_Fiction.jpg"
            width="280"
          />
        </div>
        <h3
          className="small-movie-card__title"
        >
          <a
            className="small-movie-card__link"
          >
            Pulp Fiction
          </a>
        </h3>
      </article>
      <article
        className="small-movie-card catalog__movies-card"
        onClick={[Function]}
        onMouseEnter={[Function]}
        onMouseLeave={[Function]}
      >
        <div
          className="small-movie-card__image"
        >
          <img
            alt="No Country for Old Men"
            height="175"
            src="https://assets.htmlacademy.ru/intensives/javascript-3/film/poster/No_Country_for_Old_Men.jpg"
            width="280"
          />
        </div>
        <h3
          className="small-movie-card__title"
        >
          <a
            className="small-movie-card__link"
          >
            No Country for Old Men
          </a>
        </h3>
      </article>
    </div>
  </section>
  <footer
    className="page-footer"
  >
    <div
      className="logo"
    >
      <a
        className="logo__link logo__link--light"
        href="/"
        onClick={[Function]}
      >
        <span
          className="logo__letter logo__letter--1"
        >
          W
        </span>
        <span
          className="logo__letter logo__letter--2"
        >
          T
        </span>
        <span
          className="logo__letter logo__letter--3"
        >
          W
        </span>
      </a>
    </div>
    <div
      className="copyright"
    >
      <p>
        Â© 2019 What to watch Ltd.
      </p>
    </div>
  </footer>
</div>
`;
