// Jest Snapshot v1, https://goo.gl/fbAQLP

exports[`withMoviesList is rendered correctly 1`] = `<div />`;
